Microchip MPLAB XC8 Compiler V2.32

Linker command line:

-W-3 --edf=C:\Program Files\Microchip\xc8\v2.32\pic\dat\en_msgs.txt -cn \
  -h+dist/default/production\Chess_Clock.X.production.sym \
  --cmf=dist/default/production\Chess_Clock.X.production.cmf -z -Q18F4520 \
  -oC:\Users\sandy\AppData\Local\Temp\xcAsag4.4 --defsym=__MPLAB_BUILD=1 \
  -Mdist/default/production/Chess_Clock.X.production.map -E1 \
  -ver=XC8 Compiler --acfsm=1493 -ASTACK=0100h-05FFh -pstack=STACK \
  -ACODE=00h-07FFFh -ACONST=00h-07FFFh -ASMALLCONST=0600h-06FFhx122 \
  -AMEDIUMCONST=0600h-07FFFh -ACOMRAM=01h-07Fh -AABS1=00h-05FFh \
  -ABIGRAM=01h-05FFh -ARAM=080h-0FFh,0100h-01FFhx5 -ABANK0=080h-0FFh \
  -ABANK1=0100h-01FFh -ABANK2=0200h-02FFh -ABANK3=0300h-03FFh \
  -ABANK4=0400h-04FFh -ABANK5=0500h-05FFh -ASFR=0F80h-0FFFh \
  -ACONFIG=0300000h-030000Dh -AIDLOC=0200000h-0200007h \
  -AEEDATA=0F00000h-0F000FFh -peeprom_data=EEDATA \
  -preset_vec=00h,intcode,intcodelo,powerup,init -pramtop=0600h \
  -psmallconst=SMALLCONST -pmediumconst=MEDIUMCONST -pconst=CONST \
  -AFARRAM=00h-00h \
  -prdata=COMRAM,nvrram=COMRAM,nvbit=COMRAM,rbss=COMRAM,rbit=COMRAM \
  -pfarbss=FARRAM,fardata=FARRAM,nvFARRAM=FARRAM \
  -pintsave_regs=BIGRAM,bigbss=BIGRAM,bigdata=BIGRAM -pbss=RAM \
  -pidata=CODE,irdata=CODE,ibigdata=CODE,ifardata=CODE -prparam=COMRAM \
  C:\Users\sandy\AppData\Local\Temp\xcAsag4.o \
  dist/default/production\Chess_Clock.X.production.o 

Object code version is 3.11

Machine type is 18F4520



                Name                               Link     Load   Length Selector   Space Scale
C:\Users\sandy\AppData\Local\Temp\xcAsag4.o
                idloc                            200000   200000        8        0       5
                config                           300000   300000        E        0       4
                init                                  0        0        4        0       0
dist/default/production\Chess_Clock.X.production.o
                idloc                            200000   200000        8        0       5
                config                           300000   300000        E        0       4
                smallconst                          600      600       50      300       0
                text23                             15D8     15D8       C4      328       0
                text22                             169C     169C       B0      328       0
                text21                             1B94     1B94       26      328       0
                text20                             18D4     18D4       78      328       0
                text19                             194C     194C       64      328       0
                text18                             1C08     1C08        8      328       0
                text17                             1B6A     1B6A       2A      328       0
                text16                             1B40     1B40       2A      328       0
                text15                             17D0     17D0       84      328       0
                text14                             130E     130E      17A      328       0
                text13                             1BF6     1BF6        A      328       0
                text12                             1BEC     1BEC        A      328       0
                text11                             19B0     19B0       5C      328       0
                text10                             1ABA     1ABA       50      328       0
                text9                              174C     174C       84      328       0
                text8                              1A0C     1A0C       58      328       0
                text7                              10C0     10C0      24E      328       0
                text6                              1A64     1A64       56      328       0
                text5                               E72      E72      24E      328       0
                text4                              1488     1488      150      328       0
                text3                              1C00     1C00        8      328       0
                text2                              1BBA     1BBA       22      328       0
                text1                              1BDC     1BDC       10      328       0
                text0                               650      650      822      328       0
                cstackCOMRAM                          1        1       67        1       1
                dataBANK0                            80       80       80       80       1
                bssCOMRAM                            68       68        C        1       1
                cinit                              1B0A     1B0A       36      328       0
                idataBANK0                         1854     1854       80      328       0

TOTAL           Name                               Link     Load   Length     Space
        CLASS   STACK          

        CLASS   CODE           
                init                                  0        0        4         0
                text23                             15D8     15D8       C4         0
                text22                             169C     169C       B0         0
                text21                             1B94     1B94       26         0
                text20                             18D4     18D4       78         0
                text19                             194C     194C       64         0
                text18                             1C08     1C08        8         0
                text17                             1B6A     1B6A       2A         0
                text16                             1B40     1B40       2A         0
                text15                             17D0     17D0       84         0
                text14                             130E     130E      17A         0
                text13                             1BF6     1BF6        A         0
                text12                             1BEC     1BEC        A         0
                text11                             19B0     19B0       5C         0
                text10                             1ABA     1ABA       50         0
                text9                              174C     174C       84         0
                text8                              1A0C     1A0C       58         0
                text7                              10C0     10C0      24E         0
                text6                              1A64     1A64       56         0
                text5                               E72      E72      24E         0
                text4                              1488     1488      150         0
                text3                              1C00     1C00        8         0
                text2                              1BBA     1BBA       22         0
                text1                              1BDC     1BDC       10         0
                text0                               650      650      822         0
                cinit                              1B0A     1B0A       36         0
                idataBANK0                         1854     1854       80         0

        CLASS   CONST          

        CLASS   SMALLCONST     
                smallconst                          600      600       50         0

        CLASS   MEDIUMCONST    

        CLASS   COMRAM         
                cstackCOMRAM                          1        1       67         1
                bssCOMRAM                            68       68        C         1

        CLASS   ABS1           

        CLASS   BIGRAM         

        CLASS   RAM            

        CLASS   BANK0          
                dataBANK0                            80       80       80         1

        CLASS   BANK1          

        CLASS   BANK2          

        CLASS   BANK3          

        CLASS   BANK4          

        CLASS   BANK5          

        CLASS   SFR            

        CLASS   CONFIG         
                config                           300000   300000        E         4

        CLASS   IDLOC          
                idloc                            200000   200000        8         5

        CLASS   EEDATA         

        CLASS   FARRAM         



SEGMENTS        Name                           Load    Length   Top    Selector   Space  Class

                reset_vec                      000000  000004  000004         0       0  CODE    
                cstackCOMRAM                   000001  000073  000074         1       1  COMRAM  
                dataBANK0                      000080  000080  000100        80       1  BANK0   
                smallconst                     000600  000050  000650       300       0  SMALLCON
                text0                          000650  0015C0  001C10       328       0  CODE    


UNUSED ADDRESS RANGES

        Name                Unused          Largest block    Delta
        BANK1            000100-0001FF              100
        BANK2            000200-0002FF              100
        BANK3            000300-0003FF              100
        BANK4            000400-0004FF              100
        BANK5            000500-0005FF              100
        BIGRAM           000074-00007F                C
                         000100-0005FF              500
        CODE             000004-0005FF              5FC
                         001C10-007FFF             63F0
        COMRAM           000074-00007F                C
        CONST            000004-0005FF              5FC
                         001C10-007FFF             63F0
        EEDATA           F00000-F000FF              100
        MEDIUMCONST      001C10-007FFF             63F0
        RAM              000100-0005FF              100
        SFR              000F80-000FFF               80
        SMALLCONST       001C10-007FFF              100
        STACK            000100-0005FF              500

                                  Symbol Table

?___awdiv                cstackCOMRAM 000001
?___awmod                cstackCOMRAM 000009
?___wmul                 cstackCOMRAM 000001
?_kpRead                 cstackCOMRAM 000001
_INTCON                  (abs)        000FF2
_PORTA                   (abs)        000F80
_PORTB                   (abs)        000F81
_PORTC                   (abs)        000F82
_PORTD                   (abs)        000F83
_PORTE                   (abs)        000F84
_PORTEbits               (abs)        000F84
_T0CON                   (abs)        000FD5
_TMR0H                   (abs)        000FD7
_TMR0L                   (abs)        000FD6
_TRISA                   (abs)        000F92
_TRISB                   (abs)        000F93
_TRISC                   (abs)        000F94
_TRISD                   (abs)        000F95
_TRISE                   (abs)        000F96
__HRAM                   (abs)        000000
__Habs1                  abs1         000000
__Hbank0                 bank0        000000
__Hbank1                 bank1        000000
__Hbank2                 bank2        000000
__Hbank3                 bank3        000000
__Hbank4                 bank4        000000
__Hbank5                 bank5        000000
__Hbigbss                bigbss       000000
__Hbigdata               bigdata      000000
__Hbigram                bigram       000000
__Hbss                   bss          000000
__HbssCOMRAM             bssCOMRAM    000000
__Hcinit                 cinit        000000
__Hclrtext               clrtext      000000
__Hcomram                comram       000000
__Hconfig                config       30000E
__Hconst                 const        000000
__HcstackCOMRAM          cstackCOMRAM 000000
__Hdata                  data         000000
__HdataBANK0             dataBANK0    000000
__Heeprom_data           eeprom_data  000000
__Hfarbss                farbss       000000
__Hfardata               fardata      000000
__Hibigdata              ibigdata     000000
__Hidata                 idata        000000
__HidataBANK0            idataBANK0   000000
__Hidloc                 idloc        200008
__Hifardata              ifardata     000000
__Hinit                  init         000004
__Hintcode               intcode      000000
__Hintcode_body          intcode_body 000000
__Hintcodelo             intcodelo    000000
__Hintentry              intentry     000000
__Hintret                intret       000000
__Hintsave_regs          intsave_regs 000000
__Hirdata                irdata       000000
__Hmediumconst           mediumconst  000000
__HnvFARRAM              nvFARRAM     000000
__Hnvbit                 nvbit        000000
__Hnvrram                nvrram       000000
__Hparam                 rparam       000000
__Hpowerup               powerup      000000
__Hram                   ram          000000
__Hramtop                ramtop       000600
__Hrbit                  rbit         000000
__Hrbss                  rbss         000000
__Hrdata                 rdata        000000
__Hreset_vec             reset_vec    000000
__Hrparam                rparam       000000
__Hsfr                   sfr          000000
__Hsmallconst            smallconst   000650
__Hspace_0               (abs)        001C10
__Hspace_1               (abs)        000100
__Hspace_2               (abs)        000000
__Hspace_4               (abs)        60000E
__Hstack                 stack        000000
__Hstruct                struct       000000
__Htemp                  temp         000000
__Htext                  text         000000
__Htext0                 text0        000000
__Htext1                 text1        000000
__Htext10                text10       000000
__Htext11                text11       000000
__Htext12                text12       000000
__Htext13                text13       000000
__Htext14                text14       000000
__Htext15                text15       000000
__Htext16                text16       000000
__Htext17                text17       000000
__Htext18                text18       000000
__Htext19                text19       000000
__Htext2                 text2        000000
__Htext20                text20       000000
__Htext21                text21       000000
__Htext22                text22       000000
__Htext23                text23       000000
__Htext3                 text3        000000
__Htext4                 text4        000000
__Htext5                 text5        000000
__Htext6                 text6        000000
__Htext7                 text7        000000
__Htext8                 text8        000000
__Htext9                 text9        000000
__LRAM                   (abs)        000001
__Labs1                  abs1         000000
__Lbank0                 bank0        000000
__Lbank1                 bank1        000000
__Lbank2                 bank2        000000
__Lbank3                 bank3        000000
__Lbank4                 bank4        000000
__Lbank5                 bank5        000000
__Lbigbss                bigbss       000000
__Lbigdata               bigdata      000000
__Lbigram                bigram       000000
__Lbss                   bss          000000
__LbssCOMRAM             bssCOMRAM    000000
__Lcinit                 cinit        000000
__Lclrtext               clrtext      000000
__Lcomram                comram       000000
__Lconfig                config       000000
__Lconst                 const        000000
__LcstackCOMRAM          cstackCOMRAM 000000
__Ldata                  data         000000
__LdataBANK0             dataBANK0    000000
__Leeprom_data           eeprom_data  000000
__Lfarbss                farbss       000000
__Lfardata               fardata      000000
__Libigdata              ibigdata     000000
__Lidata                 idata        000000
__LidataBANK0            idataBANK0   000000
__Lidloc                 idloc        000000
__Lifardata              ifardata     000000
__Linit                  init         000000
__Lintcode               intcode      000000
__Lintcode_body          intcode_body 000000
__Lintcodelo             intcodelo    000000
__Lintentry              intentry     000000
__Lintret                intret       000000
__Lintsave_regs          intsave_regs 000000
__Lirdata                irdata       000000
__Lmediumconst           mediumconst  000000
__LnvFARRAM              nvFARRAM     000000
__Lnvbit                 nvbit        000000
__Lnvrram                nvrram       000000
__Lparam                 rparam       000000
__Lpowerup               powerup      000000
__Lram                   ram          000000
__Lramtop                ramtop       000600
__Lrbit                  rbit         000000
__Lrbss                  rbss         000000
__Lrdata                 rdata        000000
__Lreset_vec             reset_vec    000000
__Lrparam                rparam       000000
__Lsfr                   sfr          000000
__Lsmallconst            smallconst   000600
__Lspace_0               (abs)        000000
__Lspace_1               (abs)        000000
__Lspace_2               (abs)        000000
__Lspace_4               (abs)        000000
__Lstack                 stack        000000
__Lstruct                struct       000000
__Ltemp                  temp         000000
__Ltext                  text         000000
__Ltext0                 text0        000000
__Ltext1                 text1        000000
__Ltext10                text10       000000
__Ltext11                text11       000000
__Ltext12                text12       000000
__Ltext13                text13       000000
__Ltext14                text14       000000
__Ltext15                text15       000000
__Ltext16                text16       000000
__Ltext17                text17       000000
__Ltext18                text18       000000
__Ltext19                text19       000000
__Ltext2                 text2        000000
__Ltext20                text20       000000
__Ltext21                text21       000000
__Ltext22                text22       000000
__Ltext23                text23       000000
__Ltext3                 text3        000000
__Ltext4                 text4        000000
__Ltext5                 text5        000000
__Ltext6                 text6        000000
__Ltext7                 text7        000000
__Ltext8                 text8        000000
__Ltext9                 text9        000000
__S0                     (abs)        001C10
__S1                     (abs)        000100
__S2                     (abs)        000000
__S4                     (abs)        000000
__S5                     (abs)        000000
___awdiv                 text23       0015D8
___awdiv@counter         cstackCOMRAM 000005
___awdiv@dividend        cstackCOMRAM 000001
___awdiv@divisor         cstackCOMRAM 000003
___awdiv@quotient        cstackCOMRAM 000007
___awdiv@sign            cstackCOMRAM 000006
___awmod                 text22       00169C
___awmod@counter         cstackCOMRAM 00000D
___awmod@dividend        cstackCOMRAM 000009
___awmod@divisor         cstackCOMRAM 00000B
___awmod@sign            cstackCOMRAM 00000E
___inthi_sp              stack        000000
___intlo_sp              stack        000000
___param_bank            (abs)        000000
___rparam_used           (abs)        000001
___sp                    stack        000000
___wmul                  text21       001B94
___wmul@multiplicand     cstackCOMRAM 000003
___wmul@multiplier       cstackCOMRAM 000001
___wmul@product          cstackCOMRAM 000005
__accesstop              (abs)        000080
__activetblptr           (abs)        000002
__end_of___awdiv         text23       00169C
__end_of___awmod         text22       00174C
__end_of___wmul          text21       001BBA
__end_of__initialization cinit        001B36
__end_of_atraso_ms       text19       0019B0
__end_of_atraso_s        text20       00194C
__end_of_brancas         text15       001854
__end_of_digitalWrite    text5        0010C0
__end_of_kpDebounce      text14       001488
__end_of_kpInit          text13       001C00
__end_of_kpRead          text12       001BF6
__end_of_lcd_cmd         text17       001B94
__end_of_lcd_dat         text16       001B6A
__end_of_lcd_init        text11       001A0C
__end_of_lcd_str         text10       001B0A
__end_of_lcd_wr          text18       001C10
__end_of_main            text0        000E72
__end_of_pinMode         text7        00130E
__end_of_pretas          text9        0017D0
__end_of_ssdDigit        text8        001A64
__end_of_ssdInit         text6        001ABA
__end_of_ssdUpdate       text4        0015D8
__end_of_timerInit       text3        001C08
__end_of_timerReset      text2        001BDC
__end_of_timerWait       text1        001BEC
__end_of_valor@ssd$F219  smallconst   000611
__initialization         cinit        001B0A
__mediumconst            mediumconst  000000
__pbssCOMRAM             bssCOMRAM    000068
__pcinit                 cinit        001B0A
__pcstackCOMRAM          cstackCOMRAM 000001
__pdataBANK0             dataBANK0    000080
__pidataBANK0            idataBANK0   001854
__psmallconst            smallconst   000600
__ptext0                 text0        000650
__ptext1                 text1        001BDC
__ptext10                text10       001ABA
__ptext11                text11       0019B0
__ptext12                text12       001BEC
__ptext13                text13       001BF6
__ptext14                text14       00130E
__ptext15                text15       0017D0
__ptext16                text16       001B40
__ptext17                text17       001B6A
__ptext18                text18       001C08
__ptext19                text19       00194C
__ptext2                 text2        001BBA
__ptext20                text20       0018D4
__ptext21                text21       001B94
__ptext22                text22       00169C
__ptext23                text23       0015D8
__ptext3                 text3        001C00
__ptext4                 text4        001488
__ptext5                 text5        000E72
__ptext6                 text6        001A64
__ptext7                 text7        0010C0
__ptext8                 text8        001A0C
__ptext9                 text9        00174C
__ramtop                 ramtop       000600
__size_of___awdiv        (abs)        000000
__size_of___awmod        (abs)        000000
__size_of___wmul         (abs)        000000
__size_of_atraso_ms      (abs)        000000
__size_of_atraso_s       (abs)        000000
__size_of_brancas        (abs)        000000
__size_of_digitalWrite   (abs)        000000
__size_of_kpDebounce     (abs)        000000
__size_of_kpInit         (abs)        000000
__size_of_kpRead         (abs)        000000
__size_of_lcd_cmd        (abs)        000000
__size_of_lcd_dat        (abs)        000000
__size_of_lcd_init       (abs)        000000
__size_of_lcd_str        (abs)        000000
__size_of_lcd_wr         (abs)        000000
__size_of_main           (abs)        000000
__size_of_pinMode        (abs)        000000
__size_of_pretas         (abs)        000000
__size_of_ssdDigit       (abs)        000000
__size_of_ssdInit        (abs)        000000
__size_of_ssdUpdate      (abs)        000000
__size_of_timerInit      (abs)        000000
__size_of_timerReset     (abs)        000000
__size_of_timerWait      (abs)        000000
__smallconst             smallconst   000600
_atraso_ms               text19       00194C
_atraso_s                text20       0018D4
_brancas                 text15       0017D0
_digitalWrite            text5        000E72
_display                 bssCOMRAM    000072
_kpDebounce              text14       00130E
_kpInit                  text13       001BF6
_kpRead                  text12       001BEC
_lcd_cmd                 text17       001B6A
_lcd_dat                 text16       001B40
_lcd_init                text11       0019B0
_lcd_str                 text10       001ABA
_lcd_wr                  text18       001C08
_main                    text0        000650
_pinMode                 text7        0010C0
_pretas                  text9        00174C
_ssdDigit                text8        001A0C
_ssdInit                 text6        001A64
_ssdUpdate               text4        001488
_timerInit               text3        001C00
_timerReset              text2        001BBA
_timerWait               text1        001BDC
_v0                      bssCOMRAM    000071
_v1                      bssCOMRAM    000070
_v2                      bssCOMRAM    00006F
_v3                      bssCOMRAM    00006E
_valor                   bssCOMRAM    00006C
_valor@ssd$F219          smallconst   000601
atraso_ms@i              cstackCOMRAM 000003
atraso_ms@j              cstackCOMRAM 000005
atraso_ms@k              cstackCOMRAM 000006
atraso_ms@t              cstackCOMRAM 000001
atraso_s@i               cstackCOMRAM 000009
atraso_s@j               cstackCOMRAM 00000B
atraso_s@k               cstackCOMRAM 00000C
atraso_s@t               cstackCOMRAM 000007
brancas@F2435            dataBANK0    000080
brancas@coluna           cstackCOMRAM 000048
brancas@i                cstackCOMRAM 000049
brancas@white            cstackCOMRAM 000008
digitalWrite@pin         cstackCOMRAM 000001
digitalWrite@value       cstackCOMRAM 000003
end_of_initialization    cinit        001B36
intlevel0                text         000000
intlevel1                text         000000
intlevel2                text         000000
intlevel3                text         000000
isa$std                  (abs)        000001
isa$xinst                (abs)        000000
kpDebounce@i             cstackCOMRAM 00000A
kpDebounce@j             cstackCOMRAM 000009
kpDebounce@k             cstackCOMRAM 000007
kpDebounce@old_D         cstackCOMRAM 000006
kpDebounce@tempo         bssCOMRAM    000073
kpDebounce@valorAntigo   bssCOMRAM    000068
kpDebounce@valorNovo     bssCOMRAM    00006A
lcd_cmd@val              cstackCOMRAM 000007
lcd_dat@val              cstackCOMRAM 000007
lcd_str@i                cstackCOMRAM 00000C
lcd_str@str              cstackCOMRAM 000008
lcd_wr@val               cstackCOMRAM 000001
main@DeMin               cstackCOMRAM 00005C
main@DeSeg               cstackCOMRAM 000060
main@UnMin               cstackCOMRAM 00005A
main@UnSeg               cstackCOMRAM 00005E
main@contP1              cstackCOMRAM 000063
main@contP2              cstackCOMRAM 000065
main@flagcontrole        cstackCOMRAM 000056
main@i                   cstackCOMRAM 000067
main@j                   cstackCOMRAM 000062
main@t1                  cstackCOMRAM 000050
main@t2                  cstackCOMRAM 000052
main@tecla1              cstackCOMRAM 00004C
main@tecla2              cstackCOMRAM 00004E
main@tempflag            cstackCOMRAM 000058
main@tempo               cstackCOMRAM 000054
pinMode@pin              cstackCOMRAM 000001
pinMode@type             cstackCOMRAM 000003
pretas@F2430             dataBANK0    0000C0
pretas@black             cstackCOMRAM 000008
pretas@coluna            cstackCOMRAM 000048
pretas@i                 cstackCOMRAM 000049
ssdDigit@pos             cstackCOMRAM 00000F
ssdDigit@val             cstackCOMRAM 000010
stackhi                  (abs)        0005FF
stacklo                  (abs)        000100
start                    init         000000
start_initialization     cinit        001B0A
timerReset@ciclos        cstackCOMRAM 000003
timerReset@tempo         cstackCOMRAM 000001


MODULE INFORMATION

Module		Function		Class		Link	Load	Size
ssd.c
		_ssdInit       		CODE           	1A64	0000	86
		_ssdDigit      		CODE           	1A0C	0000	88
		_ssdUpdate     		CODE           	1488	0000	336

ssd.c estimated size: 510

C:\Program Files\Microchip\xc8\v2.32\pic\sources\c99\common\awdiv.c
		___awdiv       		CODE           	15D8	0000	196

C:\Program Files\Microchip\xc8\v2.32\pic\sources\c99\common\awdiv.c estimated size: 196

delay.c
		_atraso_s      		CODE           	18D4	0000	120
		_atraso_ms     		CODE           	194C	0000	100

delay.c estimated size: 220

keypad.c
		_kpInit        		CODE           	1BF6	0000	10
		_kpDebounce    		CODE           	130E	0000	378
		_kpRead        		CODE           	1BEC	0000	10

keypad.c estimated size: 398

io.c
		_digitalWrite  		CODE           	0E72	0000	590
		_pinMode       		CODE           	10C0	0000	590

io.c estimated size: 1180

timer.c
		_timerWait     		CODE           	1BDC	0000	16
		_timerReset    		CODE           	1BBA	0000	34
		_timerInit     		CODE           	1C00	0000	8

timer.c estimated size: 58

C:\Program Files\Microchip\xc8\v2.32\pic\sources\c99\common\Umul16.c
		___wmul        		CODE           	1B94	0000	38

C:\Program Files\Microchip\xc8\v2.32\pic\sources\c99\common\Umul16.c estimated size: 38

shared
		__initialization		CODE           	1B0A	0000	44
		_valor@ssd$F219		SMALLCONST     	0601	0000	16

shared estimated size: 60

C:\Program Files\Microchip\xc8\v2.32\pic\sources\c99\common\awmod.c
		___awmod       		CODE           	169C	0000	176

C:\Program Files\Microchip\xc8\v2.32\pic\sources\c99\common\awmod.c estimated size: 176

lcd.c
		_lcd_cmd       		CODE           	1B6A	0000	42
		_lcd_dat       		CODE           	1B40	0000	42
		_lcd_wr        		CODE           	1C08	0000	8
		_lcd_str       		CODE           	1ABA	0000	80
		_lcd_init      		CODE           	19B0	0000	92

lcd.c estimated size: 264

main.c
		_pretas        		CODE           	174C	0000	132
		_main          		CODE           	0650	0000	2082
		_brancas       		CODE           	17D0	0000	132

main.c estimated size: 2346

